Input: /home/carloscalage/mestrado/Mestrado/related_works/eniac_amazon/negv2.fasta (7542 sequencias)
Cores: 20

=== [1/3] DeepVirFinder ===
   processing line 443112
   processing line 448906
   processing line 451542
3. Done. Thank you for using DeepVirFinder.
   output in /home/carloscalage/mestrado/Mestrado/related_works/eniac_amazon/dvf_negv2_output/negv2.fasta_gt1bp_dvfpred.txt
DVF wall time: 178s
DVF output: /home/carloscalage/mestrado/Mestrado/related_works/eniac_amazon/dvf_negv2_output/negv2.fasta_gt1bp_dvfpred.txt (7541 preds)

=== [2/3] VirSorter2 ===
                as reliable taxonomy info
            We recommend this SOP/tutorial for quality control 
                (make sure to use the lastest version):
                https://dx.doi.org/10.17504/protocols.io.bwm5pc86

            <====
            
[2026-06-21 16:31 INFO] Step 3 - classify finished.
VS2 wall time: 2769s
VS2 detected: 213 / 7542

=== [3/3] geNomad ===
           negv2_virus.fna.                                                     
[16:33:38] Protein sequences were written to negv2_plasmid_proteins.faa and     
           negv2_virus_proteins.faa.                                            
[16:33:38] Gene annotation data was written to negv2_plasmid_genes.tsv and      
           negv2_virus_genes.tsv.                                               
[16:33:38] Summary files were written to negv2_plasmid_summary.tsv and          
           negv2_virus_summary.tsv.                                             
[16:33:38] geNomad summary finished!                                            
geNomad wall time: 135s
geNomad detected: 207 / 7542

=== Concluido. Outputs em /home/carloscalage/mestrado/Mestrado/related_works/eniac_amazon/{dvf,vs2,genomad}_output ===
